                                      1 ;--------------------------------------------------------
                                      2 ; File Created by SDCC : free open source ANSI-C Compiler
                                      3 ; Version 4.2.0 #13081 (MINGW64)
                                      4 ;--------------------------------------------------------
                                      5 	.module main
                                      6 	.optsdcc -mstm8
                                      7 	
                                      8 ;--------------------------------------------------------
                                      9 ; Public variables in this module
                                     10 ;--------------------------------------------------------
                                     11 	.globl _eeprom
                                     12 	.globl _main
                                     13 	.globl _RTC_Wakeup
                                     14 	.globl _funcopy
                                     15 	.globl _delay_ms
                                     16 	.globl _USART_Init
                                     17 	.globl _RTC_ITConfig
                                     18 	.globl _RTC_WakeUpCmd
                                     19 	.globl _RTC_SetWakeUpCounter
                                     20 	.globl _RTC_WakeUpClockConfig
                                     21 	.globl _GPIO_Init
                                     22 	.globl _CLK_PeripheralClockConfig
                                     23 	.globl _CLK_RTCClockConfig
                                     24 	.globl _CLK_SYSCLKDivConfig
                                     25 ;--------------------------------------------------------
                                     26 ; ram data
                                     27 ;--------------------------------------------------------
                                     28 	.area DATA
                                     29 ;--------------------------------------------------------
                                     30 ; ram data
                                     31 ;--------------------------------------------------------
                                     32 	.area INITIALIZED
                                     33 ;--------------------------------------------------------
                                     34 ; Stack segment in internal ram
                                     35 ;--------------------------------------------------------
                                     36 	.area	SSEG
      000000                         37 __start__stack:
      000000                         38 	.ds	1
                                     39 
                                     40 ;--------------------------------------------------------
                                     41 ; absolute external ram data
                                     42 ;--------------------------------------------------------
                                     43 	.area DABS (ABS)
                                     44 
                                     45 ; default segment ordering for linker
                                     46 	.area HOME
                                     47 	.area GSINIT
                                     48 	.area GSFINAL
                                     49 	.area CONST
                                     50 	.area INITIALIZER
                                     51 	.area CODE
                                     52 
                                     53 ;--------------------------------------------------------
                                     54 ; interrupt vector
                                     55 ;--------------------------------------------------------
                                     56 	.area HOME
      000000                         57 __interrupt_vect:
      000000 82v00u00u00             58 	int s_GSINIT ; reset
      000004 82 00 00 00             59 	int 0x000000 ; trap
      000008 82 00 00 00             60 	int 0x000000 ; int0
      00000C 82 00 00 00             61 	int 0x000000 ; int1
      000010 82 00 00 00             62 	int 0x000000 ; int2
      000014 82 00 00 00             63 	int 0x000000 ; int3
      000018 82v00u00u00             64 	int _RTC_Wakeup ; int4
                                     65 ;--------------------------------------------------------
                                     66 ; global & static initialisations
                                     67 ;--------------------------------------------------------
                                     68 	.area HOME
                                     69 	.area GSINIT
                                     70 	.area GSFINAL
                                     71 	.area GSINIT
      000000                         72 __sdcc_init_data:
                                     73 ; stm8_genXINIT() start
      000000 AEr00r00         [ 2]   74 	ldw x, #l_DATA
      000003 27 07            [ 1]   75 	jreq	00002$
      000005                         76 00001$:
      000005 72 4FuFFuFF      [ 1]   77 	clr (s_DATA - 1, x)
      000009 5A               [ 2]   78 	decw x
      00000A 26 F9            [ 1]   79 	jrne	00001$
      00000C                         80 00002$:
      00000C AEr00r00         [ 2]   81 	ldw	x, #l_INITIALIZER
      00000F 27 09            [ 1]   82 	jreq	00004$
      000011                         83 00003$:
      000011 D6uFFuFF         [ 1]   84 	ld	a, (s_INITIALIZER - 1, x)
      000014 D7uFFuFF         [ 1]   85 	ld	(s_INITIALIZED - 1, x), a
      000017 5A               [ 2]   86 	decw	x
      000018 26 F7            [ 1]   87 	jrne	00003$
      00001A                         88 00004$:
                                     89 ; stm8_genXINIT() end
                                     90 	.area GSFINAL
      000000 CCr00r1C         [ 2]   91 	jp	__sdcc_program_startup
                                     92 ;--------------------------------------------------------
                                     93 ; Home
                                     94 ;--------------------------------------------------------
                                     95 	.area HOME
                                     96 	.area HOME
      00001C                         97 __sdcc_program_startup:
      00001C CCr00r09         [ 2]   98 	jp	_main
                                     99 ;	return from main will return to caller
                                    100 ;--------------------------------------------------------
                                    101 ; code
                                    102 ;--------------------------------------------------------
                                    103 	.area CODE
                                    104 ;	src/main.c: 9: void RTC_Wakeup(void) __interrupt(4)
                                    105 ;	-----------------------------------------
                                    106 ;	 function RTC_Wakeup
                                    107 ;	-----------------------------------------
      000000                        108 _RTC_Wakeup:
                                    109 ;	src/main.c: 11: RTC->ISR2 = (uint8_t)~(uint8_t)((uint16_t)RTC_IT_WUT >> 4);
      000000 35 FB 51 4D      [ 1]  110 	mov	0x514d+0, #0xfb
                                    111 ;	src/main.c: 12: GPIOA->ODR ^= GPIO_Pin_6;
      000004 90 1C 50 00      [ 1]  112 	bcpl	0x5000, #6
                                    113 ;	src/main.c: 13: }
      000008 80               [11]  114 	iret
                                    115 ;	src/main.c: 15: void main(void)
                                    116 ;	-----------------------------------------
                                    117 ;	 function main
                                    118 ;	-----------------------------------------
      000009                        119 _main:
      000009 52 80            [ 2]  120 	sub	sp, #128
                                    121 ;	src/main.c: 18: CLK_SYSCLKDivConfig(CLK_RTCCLKDiv_1);
      00000B 4F               [ 1]  122 	clr	a
      00000C CDr00r00         [ 4]  123 	call	_CLK_SYSCLKDivConfig
                                    124 ;	src/main.c: 21: CLK_RTCClockConfig(CLK_RTCCLKSource_LSI, CLK_RTCCLKDiv_1);
      00000F 4B 00            [ 1]  125 	push	#0x00
      000011 A6 04            [ 1]  126 	ld	a, #0x04
      000013 CDr00r00         [ 4]  127 	call	_CLK_RTCClockConfig
                                    128 ;	src/main.c: 22: while ((CLK->ICKCR & (1<<(CLK_FLAG_LSIRDY & 0x0f))) == RESET);
      000016 A6 08            [ 1]  129 	ld	a,	#0x08
      000018                        130 00125$:
      000018 C5 50 C2         [ 1]  131 	bcp	a,	0x50c2
      00001B 27 FB            [ 1]  132 	jreq	00125$
                                    133 ;	src/main.c: 23: CLK_PeripheralClockConfig(CLK_Peripheral_RTC, ENABLE);	
      00001D 4B 01            [ 1]  134 	push	#0x01
      00001F A6 12            [ 1]  135 	ld	a, #0x12
      000021 CDr00r00         [ 4]  136 	call	_CLK_PeripheralClockConfig
                                    137 ;	src/main.c: 26: RTC_WakeUpClockConfig(RTC_WakeUpClock_RTCCLK_Div16);
      000024 4F               [ 1]  138 	clr	a
      000025 CDr00r00         [ 4]  139 	call	_RTC_WakeUpClockConfig
                                    140 ;	src/main.c: 27: RTC_ITConfig(RTC_IT_WUT, ENABLE);
      000028 A6 01            [ 1]  141 	ld	a, #0x01
      00002A AE 00 40         [ 2]  142 	ldw	x, #0x0040
      00002D CDr00r00         [ 4]  143 	call	_RTC_ITConfig
                                    144 ;	src/main.c: 28: enableInterrupts();
      000030 9A               [ 1]  145 	rim
                                    146 ;	src/main.c: 29: RTC_SetWakeUpCounter(3088);
      000031 AE 0C 10         [ 2]  147 	ldw	x, #0x0c10
      000034 CDr00r00         [ 4]  148 	call	_RTC_SetWakeUpCounter
                                    149 ;	src/main.c: 30: RTC_WakeUpCmd(ENABLE);
      000037 A6 01            [ 1]  150 	ld	a, #0x01
      000039 CDr00r00         [ 4]  151 	call	_RTC_WakeUpCmd
                                    152 ;	src/main.c: 33: GPIO_Init(GPIOC, GPIO_Pin_3, GPIO_Mode_Out_PP_High_Slow);
      00003C 4B D0            [ 1]  153 	push	#0xd0
      00003E A6 08            [ 1]  154 	ld	a, #0x08
      000040 AE 50 0A         [ 2]  155 	ldw	x, #0x500a
      000043 CDr00r00         [ 4]  156 	call	_GPIO_Init
                                    157 ;	src/main.c: 34: CLK_PeripheralClockConfig(CLK_Peripheral_USART1, ENABLE);
      000046 4B 01            [ 1]  158 	push	#0x01
      000048 A6 05            [ 1]  159 	ld	a, #0x05
      00004A CDr00r00         [ 4]  160 	call	_CLK_PeripheralClockConfig
                                    161 ;	src/main.c: 35: USART_Init(USART1, 115200, USART_WordLength_8b, USART_StopBits_1, USART_Parity_No, USART_Mode_Tx);
      00004D 4B 08            [ 1]  162 	push	#0x08
      00004F 4B 00            [ 1]  163 	push	#0x00
      000051 4B 00            [ 1]  164 	push	#0x00
      000053 4B 00            [ 1]  165 	push	#0x00
      000055 4B 00            [ 1]  166 	push	#0x00
      000057 4B C2            [ 1]  167 	push	#0xc2
      000059 4B 01            [ 1]  168 	push	#0x01
      00005B 4B 00            [ 1]  169 	push	#0x00
      00005D AE 52 30         [ 2]  170 	ldw	x, #0x5230
      000060 CDr00r00         [ 4]  171 	call	_USART_Init
                                    172 ;	src/main.c: 36: USART1->CR1 &= (uint8_t)(~USART_CR1_USARTD);			//USART1 enable
      000063 72 1B 52 34      [ 1]  173 	bres	0x5234, #5
                                    174 ;	src/main.c: 39: GPIO_Init(GPIOA, GPIO_Pin_6, GPIO_Mode_Out_PP_High_Slow);
      000067 4B D0            [ 1]  175 	push	#0xd0
      000069 A6 40            [ 1]  176 	ld	a, #0x40
      00006B AE 50 00         [ 2]  177 	ldw	x, #0x5000
      00006E CDr00r00         [ 4]  178 	call	_GPIO_Init
                                    179 ;	src/main.c: 40: funcopy(buf);
      000071 96               [ 1]  180 	ldw	x, sp
      000072 5C               [ 1]  181 	incw	x
      000073 CDr00r00         [ 4]  182 	call	_funcopy
                                    183 ;	src/main.c: 41: while(1)
      000076                        184 00105$:
                                    185 ;	src/main.c: 43: (*(nprintf)buf)(eeprom);
      000076 90 96            [ 1]  186 	ldw	y, sp
      000078 90 5C            [ 1]  187 	incw	y
      00007A AErBCr00         [ 2]  188 	ldw	x, #(_eeprom+0)
      00007D 90 FD            [ 4]  189 	call	(y)
                                    190 ;	src/main.c: 44: delay_ms(200);
      00007F AE 00 C8         [ 2]  191 	ldw	x, #0x00c8
      000082 CDr00r00         [ 4]  192 	call	_delay_ms
      000085 20 EF            [ 2]  193 	jra	00105$
                                    194 ;	src/main.c: 46: }
      000087 5B 80            [ 2]  195 	addw	sp, #128
      000089 81               [ 4]  196 	ret
                                    197 	.area CODE
                                    198 	.area CONST
                                    199 	.area INITIALIZER
                                    200 	.area CABS (ABS)
      00BC00                        201 	.org 0xBC00
      00BC00                        202 _eeprom:
      00BC00 54 6C 69 61 6E 67      203 	.ascii "Tliang"
      00BC06 0A                     204 	.db 0x0a
      00BC07 00                     205 	.db 0x00
      00BC08 00                     206 	.db 0x00
      00BC09 00                     207 	.db 0x00
      00BC0A 00                     208 	.db 0x00
      00BC0B 00                     209 	.db 0x00
      00BC0C 00                     210 	.db 0x00
      00BC0D 00                     211 	.db 0x00
      00BC0E 00                     212 	.db 0x00
      00BC0F 00                     213 	.db 0x00
      00BC10 00                     214 	.db 0x00
      00BC11 00                     215 	.db 0x00
      00BC12 00                     216 	.db 0x00
      00BC13 00                     217 	.db 0x00
      00BC14 00                     218 	.db 0x00
      00BC15 00                     219 	.db 0x00
      00BC16 00                     220 	.db 0x00
      00BC17 00                     221 	.db 0x00
      00BC18 00                     222 	.db 0x00
      00BC19 00                     223 	.db 0x00
      00BC1A 00                     224 	.db 0x00
      00BC1B 00                     225 	.db 0x00
      00BC1C 00                     226 	.db 0x00
      00BC1D 00                     227 	.db 0x00
      00BC1E 00                     228 	.db 0x00
      00BC1F 00                     229 	.db 0x00
      00BC20 00                     230 	.db 0x00
      00BC21 00                     231 	.db 0x00
      00BC22 00                     232 	.db 0x00
      00BC23 00                     233 	.db 0x00
      00BC24 00                     234 	.db 0x00
      00BC25 00                     235 	.db 0x00
      00BC26 00                     236 	.db 0x00
      00BC27 00                     237 	.db 0x00
      00BC28 00                     238 	.db 0x00
      00BC29 00                     239 	.db 0x00
      00BC2A 00                     240 	.db 0x00
      00BC2B 00                     241 	.db 0x00
      00BC2C 00                     242 	.db 0x00
      00BC2D 00                     243 	.db 0x00
      00BC2E 00                     244 	.db 0x00
      00BC2F 00                     245 	.db 0x00
      00BC30 00                     246 	.db 0x00
      00BC31 00                     247 	.db 0x00
      00BC32 00                     248 	.db 0x00
      00BC33 00                     249 	.db 0x00
      00BC34 00                     250 	.db 0x00
      00BC35 00                     251 	.db 0x00
      00BC36 00                     252 	.db 0x00
      00BC37 00                     253 	.db 0x00
      00BC38 00                     254 	.db 0x00
      00BC39 00                     255 	.db 0x00
      00BC3A 00                     256 	.db 0x00
      00BC3B 00                     257 	.db 0x00
      00BC3C 00                     258 	.db 0x00
      00BC3D 00                     259 	.db 0x00
      00BC3E 00                     260 	.db 0x00
      00BC3F 00                     261 	.db 0x00
      00BC40 00                     262 	.db 0x00
      00BC41 00                     263 	.db 0x00
      00BC42 00                     264 	.db 0x00
      00BC43 00                     265 	.db 0x00
      00BC44 00                     266 	.db 0x00
      00BC45 00                     267 	.db 0x00
      00BC46 00                     268 	.db 0x00
      00BC47 00                     269 	.db 0x00
      00BC48 00                     270 	.db 0x00
      00BC49 00                     271 	.db 0x00
      00BC4A 00                     272 	.db 0x00
      00BC4B 00                     273 	.db 0x00
      00BC4C 00                     274 	.db 0x00
      00BC4D 00                     275 	.db 0x00
      00BC4E 00                     276 	.db 0x00
      00BC4F 00                     277 	.db 0x00
      00BC50 00                     278 	.db 0x00
      00BC51 00                     279 	.db 0x00
      00BC52 00                     280 	.db 0x00
      00BC53 00                     281 	.db 0x00
      00BC54 00                     282 	.db 0x00
      00BC55 00                     283 	.db 0x00
      00BC56 00                     284 	.db 0x00
      00BC57 00                     285 	.db 0x00
      00BC58 00                     286 	.db 0x00
      00BC59 00                     287 	.db 0x00
      00BC5A 00                     288 	.db 0x00
      00BC5B 00                     289 	.db 0x00
      00BC5C 00                     290 	.db 0x00
      00BC5D 00                     291 	.db 0x00
      00BC5E 00                     292 	.db 0x00
      00BC5F 00                     293 	.db 0x00
      00BC60 00                     294 	.db 0x00
      00BC61 00                     295 	.db 0x00
      00BC62 00                     296 	.db 0x00
      00BC63 00                     297 	.db 0x00
      00BC64 00                     298 	.db 0x00
      00BC65 00                     299 	.db 0x00
      00BC66 00                     300 	.db 0x00
      00BC67 00                     301 	.db 0x00
      00BC68 00                     302 	.db 0x00
      00BC69 00                     303 	.db 0x00
      00BC6A 00                     304 	.db 0x00
      00BC6B 00                     305 	.db 0x00
      00BC6C 00                     306 	.db 0x00
      00BC6D 00                     307 	.db 0x00
      00BC6E 00                     308 	.db 0x00
      00BC6F 00                     309 	.db 0x00
      00BC70 00                     310 	.db 0x00
      00BC71 00                     311 	.db 0x00
      00BC72 00                     312 	.db 0x00
      00BC73 00                     313 	.db 0x00
      00BC74 00                     314 	.db 0x00
      00BC75 00                     315 	.db 0x00
      00BC76 00                     316 	.db 0x00
      00BC77 00                     317 	.db 0x00
      00BC78 00                     318 	.db 0x00
      00BC79 00                     319 	.db 0x00
      00BC7A 00                     320 	.db 0x00
      00BC7B 00                     321 	.db 0x00
      00BC7C 00                     322 	.db 0x00
      00BC7D 00                     323 	.db 0x00
      00BC7E 00                     324 	.db 0x00
      00BC7F 00                     325 	.db 0x00
      00BC80 00                     326 	.db 0x00
      00BC81 00                     327 	.db 0x00
      00BC82 00                     328 	.db 0x00
      00BC83 00                     329 	.db 0x00
      00BC84 00                     330 	.db 0x00
      00BC85 00                     331 	.db 0x00
      00BC86 00                     332 	.db 0x00
      00BC87 00                     333 	.db 0x00
      00BC88 00                     334 	.db 0x00
      00BC89 00                     335 	.db 0x00
      00BC8A 00                     336 	.db 0x00
      00BC8B 00                     337 	.db 0x00
      00BC8C 00                     338 	.db 0x00
      00BC8D 00                     339 	.db 0x00
      00BC8E 00                     340 	.db 0x00
      00BC8F 00                     341 	.db 0x00
      00BC90 00                     342 	.db 0x00
      00BC91 00                     343 	.db 0x00
      00BC92 00                     344 	.db 0x00
      00BC93 00                     345 	.db 0x00
      00BC94 00                     346 	.db 0x00
      00BC95 00                     347 	.db 0x00
      00BC96 00                     348 	.db 0x00
      00BC97 00                     349 	.db 0x00
      00BC98 00                     350 	.db 0x00
      00BC99 00                     351 	.db 0x00
      00BC9A 00                     352 	.db 0x00
      00BC9B 00                     353 	.db 0x00
      00BC9C 00                     354 	.db 0x00
      00BC9D 00                     355 	.db 0x00
      00BC9E 00                     356 	.db 0x00
      00BC9F 00                     357 	.db 0x00
      00BCA0 00                     358 	.db 0x00
      00BCA1 00                     359 	.db 0x00
      00BCA2 00                     360 	.db 0x00
      00BCA3 00                     361 	.db 0x00
      00BCA4 00                     362 	.db 0x00
      00BCA5 00                     363 	.db 0x00
      00BCA6 00                     364 	.db 0x00
      00BCA7 00                     365 	.db 0x00
      00BCA8 00                     366 	.db 0x00
      00BCA9 00                     367 	.db 0x00
      00BCAA 00                     368 	.db 0x00
      00BCAB 00                     369 	.db 0x00
      00BCAC 00                     370 	.db 0x00
      00BCAD 00                     371 	.db 0x00
      00BCAE 00                     372 	.db 0x00
      00BCAF 00                     373 	.db 0x00
      00BCB0 00                     374 	.db 0x00
      00BCB1 00                     375 	.db 0x00
      00BCB2 00                     376 	.db 0x00
      00BCB3 00                     377 	.db 0x00
      00BCB4 00                     378 	.db 0x00
      00BCB5 00                     379 	.db 0x00
      00BCB6 00                     380 	.db 0x00
      00BCB7 00                     381 	.db 0x00
      00BCB8 00                     382 	.db 0x00
      00BCB9 00                     383 	.db 0x00
      00BCBA 00                     384 	.db 0x00
      00BCBB 00                     385 	.db 0x00
      00BCBC 00                     386 	.db 0x00
      00BCBD 00                     387 	.db 0x00
      00BCBE 00                     388 	.db 0x00
      00BCBF 00                     389 	.db 0x00
      00BCC0 00                     390 	.db 0x00
      00BCC1 00                     391 	.db 0x00
      00BCC2 00                     392 	.db 0x00
      00BCC3 00                     393 	.db 0x00
      00BCC4 00                     394 	.db 0x00
      00BCC5 00                     395 	.db 0x00
      00BCC6 00                     396 	.db 0x00
      00BCC7 00                     397 	.db 0x00
      00BCC8 00                     398 	.db 0x00
      00BCC9 00                     399 	.db 0x00
      00BCCA 00                     400 	.db 0x00
      00BCCB 00                     401 	.db 0x00
      00BCCC 00                     402 	.db 0x00
      00BCCD 00                     403 	.db 0x00
      00BCCE 00                     404 	.db 0x00
      00BCCF 00                     405 	.db 0x00
      00BCD0 00                     406 	.db 0x00
      00BCD1 00                     407 	.db 0x00
      00BCD2 00                     408 	.db 0x00
      00BCD3 00                     409 	.db 0x00
      00BCD4 00                     410 	.db 0x00
      00BCD5 00                     411 	.db 0x00
      00BCD6 00                     412 	.db 0x00
      00BCD7 00                     413 	.db 0x00
      00BCD8 00                     414 	.db 0x00
      00BCD9 00                     415 	.db 0x00
      00BCDA 00                     416 	.db 0x00
      00BCDB 00                     417 	.db 0x00
      00BCDC 00                     418 	.db 0x00
      00BCDD 00                     419 	.db 0x00
      00BCDE 00                     420 	.db 0x00
      00BCDF 00                     421 	.db 0x00
      00BCE0 00                     422 	.db 0x00
      00BCE1 00                     423 	.db 0x00
      00BCE2 00                     424 	.db 0x00
      00BCE3 00                     425 	.db 0x00
      00BCE4 00                     426 	.db 0x00
      00BCE5 00                     427 	.db 0x00
      00BCE6 00                     428 	.db 0x00
      00BCE7 00                     429 	.db 0x00
      00BCE8 00                     430 	.db 0x00
      00BCE9 00                     431 	.db 0x00
      00BCEA 00                     432 	.db 0x00
      00BCEB 00                     433 	.db 0x00
      00BCEC 00                     434 	.db 0x00
      00BCED 00                     435 	.db 0x00
      00BCEE 00                     436 	.db 0x00
      00BCEF 00                     437 	.db 0x00
      00BCF0 00                     438 	.db 0x00
      00BCF1 00                     439 	.db 0x00
      00BCF2 00                     440 	.db 0x00
      00BCF3 00                     441 	.db 0x00
      00BCF4 00                     442 	.db 0x00
      00BCF5 00                     443 	.db 0x00
      00BCF6 00                     444 	.db 0x00
      00BCF7 00                     445 	.db 0x00
      00BCF8 00                     446 	.db 0x00
      00BCF9 00                     447 	.db 0x00
      00BCFA 00                     448 	.db 0x00
      00BCFB 00                     449 	.db 0x00
      00BCFC 00                     450 	.db 0x00
      00BCFD 00                     451 	.db 0x00
      00BCFE 00                     452 	.db 0x00
      00BCFF 00                     453 	.db 0x00
      00BD00 00                     454 	.db 0x00
      00BD01 00                     455 	.db 0x00
      00BD02 00                     456 	.db 0x00
      00BD03 00                     457 	.db 0x00
      00BD04 00                     458 	.db 0x00
      00BD05 00                     459 	.db 0x00
      00BD06 00                     460 	.db 0x00
      00BD07 00                     461 	.db 0x00
      00BD08 00                     462 	.db 0x00
      00BD09 00                     463 	.db 0x00
      00BD0A 00                     464 	.db 0x00
      00BD0B 00                     465 	.db 0x00
      00BD0C 00                     466 	.db 0x00
      00BD0D 00                     467 	.db 0x00
      00BD0E 00                     468 	.db 0x00
      00BD0F 00                     469 	.db 0x00
      00BD10 00                     470 	.db 0x00
      00BD11 00                     471 	.db 0x00
      00BD12 00                     472 	.db 0x00
      00BD13 00                     473 	.db 0x00
      00BD14 00                     474 	.db 0x00
      00BD15 00                     475 	.db 0x00
      00BD16 00                     476 	.db 0x00
      00BD17 00                     477 	.db 0x00
      00BD18 00                     478 	.db 0x00
      00BD19 00                     479 	.db 0x00
      00BD1A 00                     480 	.db 0x00
      00BD1B 00                     481 	.db 0x00
      00BD1C 00                     482 	.db 0x00
      00BD1D 00                     483 	.db 0x00
      00BD1E 00                     484 	.db 0x00
      00BD1F 00                     485 	.db 0x00
      00BD20 00                     486 	.db 0x00
      00BD21 00                     487 	.db 0x00
      00BD22 00                     488 	.db 0x00
      00BD23 00                     489 	.db 0x00
      00BD24 00                     490 	.db 0x00
      00BD25 00                     491 	.db 0x00
      00BD26 00                     492 	.db 0x00
      00BD27 00                     493 	.db 0x00
      00BD28 00                     494 	.db 0x00
      00BD29 00                     495 	.db 0x00
      00BD2A 00                     496 	.db 0x00
      00BD2B 00                     497 	.db 0x00
      00BD2C 00                     498 	.db 0x00
      00BD2D 00                     499 	.db 0x00
      00BD2E 00                     500 	.db 0x00
      00BD2F 00                     501 	.db 0x00
      00BD30 00                     502 	.db 0x00
      00BD31 00                     503 	.db 0x00
      00BD32 00                     504 	.db 0x00
      00BD33 00                     505 	.db 0x00
      00BD34 00                     506 	.db 0x00
      00BD35 00                     507 	.db 0x00
      00BD36 00                     508 	.db 0x00
      00BD37 00                     509 	.db 0x00
      00BD38 00                     510 	.db 0x00
      00BD39 00                     511 	.db 0x00
      00BD3A 00                     512 	.db 0x00
      00BD3B 00                     513 	.db 0x00
      00BD3C 00                     514 	.db 0x00
      00BD3D 00                     515 	.db 0x00
      00BD3E 00                     516 	.db 0x00
      00BD3F 00                     517 	.db 0x00
      00BD40 00                     518 	.db 0x00
      00BD41 00                     519 	.db 0x00
      00BD42 00                     520 	.db 0x00
      00BD43 00                     521 	.db 0x00
      00BD44 00                     522 	.db 0x00
      00BD45 00                     523 	.db 0x00
      00BD46 00                     524 	.db 0x00
      00BD47 00                     525 	.db 0x00
      00BD48 00                     526 	.db 0x00
      00BD49 00                     527 	.db 0x00
      00BD4A 00                     528 	.db 0x00
      00BD4B 00                     529 	.db 0x00
      00BD4C 00                     530 	.db 0x00
      00BD4D 00                     531 	.db 0x00
      00BD4E 00                     532 	.db 0x00
      00BD4F 00                     533 	.db 0x00
      00BD50 00                     534 	.db 0x00
      00BD51 00                     535 	.db 0x00
      00BD52 00                     536 	.db 0x00
      00BD53 00                     537 	.db 0x00
      00BD54 00                     538 	.db 0x00
      00BD55 00                     539 	.db 0x00
      00BD56 00                     540 	.db 0x00
      00BD57 00                     541 	.db 0x00
      00BD58 00                     542 	.db 0x00
      00BD59 00                     543 	.db 0x00
      00BD5A 00                     544 	.db 0x00
      00BD5B 00                     545 	.db 0x00
      00BD5C 00                     546 	.db 0x00
      00BD5D 00                     547 	.db 0x00
      00BD5E 00                     548 	.db 0x00
      00BD5F 00                     549 	.db 0x00
      00BD60 00                     550 	.db 0x00
      00BD61 00                     551 	.db 0x00
      00BD62 00                     552 	.db 0x00
      00BD63 00                     553 	.db 0x00
      00BD64 00                     554 	.db 0x00
      00BD65 00                     555 	.db 0x00
      00BD66 00                     556 	.db 0x00
      00BD67 00                     557 	.db 0x00
      00BD68 00                     558 	.db 0x00
      00BD69 00                     559 	.db 0x00
      00BD6A 00                     560 	.db 0x00
      00BD6B 00                     561 	.db 0x00
      00BD6C 00                     562 	.db 0x00
      00BD6D 00                     563 	.db 0x00
      00BD6E 00                     564 	.db 0x00
      00BD6F 00                     565 	.db 0x00
      00BD70 00                     566 	.db 0x00
      00BD71 00                     567 	.db 0x00
      00BD72 00                     568 	.db 0x00
      00BD73 00                     569 	.db 0x00
      00BD74 00                     570 	.db 0x00
      00BD75 00                     571 	.db 0x00
      00BD76 00                     572 	.db 0x00
      00BD77 00                     573 	.db 0x00
      00BD78 00                     574 	.db 0x00
      00BD79 00                     575 	.db 0x00
      00BD7A 00                     576 	.db 0x00
      00BD7B 00                     577 	.db 0x00
      00BD7C 00                     578 	.db 0x00
      00BD7D 00                     579 	.db 0x00
      00BD7E 00                     580 	.db 0x00
      00BD7F 00                     581 	.db 0x00
      00BD80 00                     582 	.db 0x00
      00BD81 00                     583 	.db 0x00
      00BD82 00                     584 	.db 0x00
      00BD83 00                     585 	.db 0x00
      00BD84 00                     586 	.db 0x00
      00BD85 00                     587 	.db 0x00
      00BD86 00                     588 	.db 0x00
      00BD87 00                     589 	.db 0x00
      00BD88 00                     590 	.db 0x00
      00BD89 00                     591 	.db 0x00
      00BD8A 00                     592 	.db 0x00
      00BD8B 00                     593 	.db 0x00
      00BD8C 00                     594 	.db 0x00
      00BD8D 00                     595 	.db 0x00
      00BD8E 00                     596 	.db 0x00
      00BD8F 00                     597 	.db 0x00
      00BD90 00                     598 	.db 0x00
      00BD91 00                     599 	.db 0x00
      00BD92 00                     600 	.db 0x00
      00BD93 00                     601 	.db 0x00
      00BD94 00                     602 	.db 0x00
      00BD95 00                     603 	.db 0x00
      00BD96 00                     604 	.db 0x00
      00BD97 00                     605 	.db 0x00
      00BD98 00                     606 	.db 0x00
      00BD99 00                     607 	.db 0x00
      00BD9A 00                     608 	.db 0x00
      00BD9B 00                     609 	.db 0x00
      00BD9C 00                     610 	.db 0x00
      00BD9D 00                     611 	.db 0x00
      00BD9E 00                     612 	.db 0x00
      00BD9F 00                     613 	.db 0x00
      00BDA0 00                     614 	.db 0x00
      00BDA1 00                     615 	.db 0x00
      00BDA2 00                     616 	.db 0x00
      00BDA3 00                     617 	.db 0x00
      00BDA4 00                     618 	.db 0x00
      00BDA5 00                     619 	.db 0x00
      00BDA6 00                     620 	.db 0x00
      00BDA7 00                     621 	.db 0x00
      00BDA8 00                     622 	.db 0x00
      00BDA9 00                     623 	.db 0x00
      00BDAA 00                     624 	.db 0x00
      00BDAB 00                     625 	.db 0x00
      00BDAC 00                     626 	.db 0x00
      00BDAD 00                     627 	.db 0x00
      00BDAE 00                     628 	.db 0x00
      00BDAF 00                     629 	.db 0x00
      00BDB0 00                     630 	.db 0x00
      00BDB1 00                     631 	.db 0x00
      00BDB2 00                     632 	.db 0x00
      00BDB3 00                     633 	.db 0x00
      00BDB4 00                     634 	.db 0x00
      00BDB5 00                     635 	.db 0x00
      00BDB6 00                     636 	.db 0x00
      00BDB7 00                     637 	.db 0x00
      00BDB8 00                     638 	.db 0x00
      00BDB9 00                     639 	.db 0x00
      00BDBA 00                     640 	.db 0x00
      00BDBB 00                     641 	.db 0x00
      00BDBC 00                     642 	.db 0x00
      00BDBD 00                     643 	.db 0x00
      00BDBE 00                     644 	.db 0x00
      00BDBF 00                     645 	.db 0x00
      00BDC0 00                     646 	.db 0x00
      00BDC1 00                     647 	.db 0x00
      00BDC2 00                     648 	.db 0x00
      00BDC3 00                     649 	.db 0x00
      00BDC4 00                     650 	.db 0x00
      00BDC5 00                     651 	.db 0x00
      00BDC6 00                     652 	.db 0x00
      00BDC7 00                     653 	.db 0x00
      00BDC8 00                     654 	.db 0x00
      00BDC9 00                     655 	.db 0x00
      00BDCA 00                     656 	.db 0x00
      00BDCB 00                     657 	.db 0x00
      00BDCC 00                     658 	.db 0x00
      00BDCD 00                     659 	.db 0x00
      00BDCE 00                     660 	.db 0x00
      00BDCF 00                     661 	.db 0x00
      00BDD0 00                     662 	.db 0x00
      00BDD1 00                     663 	.db 0x00
      00BDD2 00                     664 	.db 0x00
      00BDD3 00                     665 	.db 0x00
      00BDD4 00                     666 	.db 0x00
      00BDD5 00                     667 	.db 0x00
      00BDD6 00                     668 	.db 0x00
      00BDD7 00                     669 	.db 0x00
      00BDD8 00                     670 	.db 0x00
      00BDD9 00                     671 	.db 0x00
      00BDDA 00                     672 	.db 0x00
      00BDDB 00                     673 	.db 0x00
      00BDDC 00                     674 	.db 0x00
      00BDDD 00                     675 	.db 0x00
      00BDDE 00                     676 	.db 0x00
      00BDDF 00                     677 	.db 0x00
      00BDE0 00                     678 	.db 0x00
      00BDE1 00                     679 	.db 0x00
      00BDE2 00                     680 	.db 0x00
      00BDE3 00                     681 	.db 0x00
      00BDE4 00                     682 	.db 0x00
      00BDE5 00                     683 	.db 0x00
      00BDE6 00                     684 	.db 0x00
      00BDE7 00                     685 	.db 0x00
      00BDE8 00                     686 	.db 0x00
      00BDE9 00                     687 	.db 0x00
      00BDEA 00                     688 	.db 0x00
      00BDEB 00                     689 	.db 0x00
      00BDEC 00                     690 	.db 0x00
      00BDED 00                     691 	.db 0x00
      00BDEE 00                     692 	.db 0x00
      00BDEF 00                     693 	.db 0x00
      00BDF0 00                     694 	.db 0x00
      00BDF1 00                     695 	.db 0x00
      00BDF2 00                     696 	.db 0x00
      00BDF3 00                     697 	.db 0x00
      00BDF4 00                     698 	.db 0x00
      00BDF5 00                     699 	.db 0x00
      00BDF6 00                     700 	.db 0x00
      00BDF7 00                     701 	.db 0x00
      00BDF8 00                     702 	.db 0x00
      00BDF9 00                     703 	.db 0x00
      00BDFA 00                     704 	.db 0x00
      00BDFB 00                     705 	.db 0x00
      00BDFC 00                     706 	.db 0x00
      00BDFD 00                     707 	.db 0x00
      00BDFE 00                     708 	.db 0x00
      00BDFF 00                     709 	.db 0x00
      00BE00 00                     710 	.db 0x00
      00BE01 00                     711 	.db 0x00
      00BE02 00                     712 	.db 0x00
      00BE03 00                     713 	.db 0x00
      00BE04 00                     714 	.db 0x00
      00BE05 00                     715 	.db 0x00
      00BE06 00                     716 	.db 0x00
      00BE07 00                     717 	.db 0x00
      00BE08 00                     718 	.db 0x00
      00BE09 00                     719 	.db 0x00
      00BE0A 00                     720 	.db 0x00
      00BE0B 00                     721 	.db 0x00
      00BE0C 00                     722 	.db 0x00
      00BE0D 00                     723 	.db 0x00
      00BE0E 00                     724 	.db 0x00
      00BE0F 00                     725 	.db 0x00
      00BE10 00                     726 	.db 0x00
      00BE11 00                     727 	.db 0x00
      00BE12 00                     728 	.db 0x00
      00BE13 00                     729 	.db 0x00
      00BE14 00                     730 	.db 0x00
      00BE15 00                     731 	.db 0x00
      00BE16 00                     732 	.db 0x00
      00BE17 00                     733 	.db 0x00
      00BE18 00                     734 	.db 0x00
      00BE19 00                     735 	.db 0x00
      00BE1A 00                     736 	.db 0x00
      00BE1B 00                     737 	.db 0x00
      00BE1C 00                     738 	.db 0x00
      00BE1D 00                     739 	.db 0x00
      00BE1E 00                     740 	.db 0x00
      00BE1F 00                     741 	.db 0x00
      00BE20 00                     742 	.db 0x00
      00BE21 00                     743 	.db 0x00
      00BE22 00                     744 	.db 0x00
      00BE23 00                     745 	.db 0x00
      00BE24 00                     746 	.db 0x00
      00BE25 00                     747 	.db 0x00
      00BE26 00                     748 	.db 0x00
      00BE27 00                     749 	.db 0x00
      00BE28 00                     750 	.db 0x00
      00BE29 00                     751 	.db 0x00
      00BE2A 00                     752 	.db 0x00
      00BE2B 00                     753 	.db 0x00
      00BE2C 00                     754 	.db 0x00
      00BE2D 00                     755 	.db 0x00
      00BE2E 00                     756 	.db 0x00
      00BE2F 00                     757 	.db 0x00
      00BE30 00                     758 	.db 0x00
      00BE31 00                     759 	.db 0x00
      00BE32 00                     760 	.db 0x00
      00BE33 00                     761 	.db 0x00
      00BE34 00                     762 	.db 0x00
      00BE35 00                     763 	.db 0x00
      00BE36 00                     764 	.db 0x00
      00BE37 00                     765 	.db 0x00
      00BE38 00                     766 	.db 0x00
      00BE39 00                     767 	.db 0x00
      00BE3A 00                     768 	.db 0x00
      00BE3B 00                     769 	.db 0x00
      00BE3C 00                     770 	.db 0x00
      00BE3D 00                     771 	.db 0x00
      00BE3E 00                     772 	.db 0x00
      00BE3F 00                     773 	.db 0x00
      00BE40 00                     774 	.db 0x00
      00BE41 00                     775 	.db 0x00
      00BE42 00                     776 	.db 0x00
      00BE43 00                     777 	.db 0x00
      00BE44 00                     778 	.db 0x00
      00BE45 00                     779 	.db 0x00
      00BE46 00                     780 	.db 0x00
      00BE47 00                     781 	.db 0x00
      00BE48 00                     782 	.db 0x00
      00BE49 00                     783 	.db 0x00
      00BE4A 00                     784 	.db 0x00
      00BE4B 00                     785 	.db 0x00
      00BE4C 00                     786 	.db 0x00
      00BE4D 00                     787 	.db 0x00
      00BE4E 00                     788 	.db 0x00
      00BE4F 00                     789 	.db 0x00
      00BE50 00                     790 	.db 0x00
      00BE51 00                     791 	.db 0x00
      00BE52 00                     792 	.db 0x00
      00BE53 00                     793 	.db 0x00
      00BE54 00                     794 	.db 0x00
      00BE55 00                     795 	.db 0x00
      00BE56 00                     796 	.db 0x00
      00BE57 00                     797 	.db 0x00
      00BE58 00                     798 	.db 0x00
      00BE59 00                     799 	.db 0x00
      00BE5A 00                     800 	.db 0x00
      00BE5B 00                     801 	.db 0x00
      00BE5C 00                     802 	.db 0x00
      00BE5D 00                     803 	.db 0x00
      00BE5E 00                     804 	.db 0x00
      00BE5F 00                     805 	.db 0x00
      00BE60 00                     806 	.db 0x00
      00BE61 00                     807 	.db 0x00
      00BE62 00                     808 	.db 0x00
      00BE63 00                     809 	.db 0x00
      00BE64 00                     810 	.db 0x00
      00BE65 00                     811 	.db 0x00
      00BE66 00                     812 	.db 0x00
      00BE67 00                     813 	.db 0x00
      00BE68 00                     814 	.db 0x00
      00BE69 00                     815 	.db 0x00
      00BE6A 00                     816 	.db 0x00
      00BE6B 00                     817 	.db 0x00
      00BE6C 00                     818 	.db 0x00
      00BE6D 00                     819 	.db 0x00
      00BE6E 00                     820 	.db 0x00
      00BE6F 00                     821 	.db 0x00
      00BE70 00                     822 	.db 0x00
      00BE71 00                     823 	.db 0x00
      00BE72 00                     824 	.db 0x00
      00BE73 00                     825 	.db 0x00
      00BE74 00                     826 	.db 0x00
      00BE75 00                     827 	.db 0x00
      00BE76 00                     828 	.db 0x00
      00BE77 00                     829 	.db 0x00
      00BE78 00                     830 	.db 0x00
      00BE79 00                     831 	.db 0x00
      00BE7A 00                     832 	.db 0x00
      00BE7B 00                     833 	.db 0x00
      00BE7C 00                     834 	.db 0x00
      00BE7D 00                     835 	.db 0x00
      00BE7E 00                     836 	.db 0x00
      00BE7F 00                     837 	.db 0x00
      00BE80 00                     838 	.db 0x00
      00BE81 00                     839 	.db 0x00
      00BE82 00                     840 	.db 0x00
      00BE83 00                     841 	.db 0x00
      00BE84 00                     842 	.db 0x00
      00BE85 00                     843 	.db 0x00
      00BE86 00                     844 	.db 0x00
      00BE87 00                     845 	.db 0x00
      00BE88 00                     846 	.db 0x00
      00BE89 00                     847 	.db 0x00
      00BE8A 00                     848 	.db 0x00
      00BE8B 00                     849 	.db 0x00
      00BE8C 00                     850 	.db 0x00
      00BE8D 00                     851 	.db 0x00
      00BE8E 00                     852 	.db 0x00
      00BE8F 00                     853 	.db 0x00
      00BE90 00                     854 	.db 0x00
      00BE91 00                     855 	.db 0x00
      00BE92 00                     856 	.db 0x00
      00BE93 00                     857 	.db 0x00
      00BE94 00                     858 	.db 0x00
      00BE95 00                     859 	.db 0x00
      00BE96 00                     860 	.db 0x00
      00BE97 00                     861 	.db 0x00
      00BE98 00                     862 	.db 0x00
      00BE99 00                     863 	.db 0x00
      00BE9A 00                     864 	.db 0x00
      00BE9B 00                     865 	.db 0x00
      00BE9C 00                     866 	.db 0x00
      00BE9D 00                     867 	.db 0x00
      00BE9E 00                     868 	.db 0x00
      00BE9F 00                     869 	.db 0x00
      00BEA0 00                     870 	.db 0x00
      00BEA1 00                     871 	.db 0x00
      00BEA2 00                     872 	.db 0x00
      00BEA3 00                     873 	.db 0x00
      00BEA4 00                     874 	.db 0x00
      00BEA5 00                     875 	.db 0x00
      00BEA6 00                     876 	.db 0x00
      00BEA7 00                     877 	.db 0x00
      00BEA8 00                     878 	.db 0x00
      00BEA9 00                     879 	.db 0x00
      00BEAA 00                     880 	.db 0x00
      00BEAB 00                     881 	.db 0x00
      00BEAC 00                     882 	.db 0x00
      00BEAD 00                     883 	.db 0x00
      00BEAE 00                     884 	.db 0x00
      00BEAF 00                     885 	.db 0x00
      00BEB0 00                     886 	.db 0x00
      00BEB1 00                     887 	.db 0x00
      00BEB2 00                     888 	.db 0x00
      00BEB3 00                     889 	.db 0x00
      00BEB4 00                     890 	.db 0x00
      00BEB5 00                     891 	.db 0x00
      00BEB6 00                     892 	.db 0x00
      00BEB7 00                     893 	.db 0x00
      00BEB8 00                     894 	.db 0x00
      00BEB9 00                     895 	.db 0x00
      00BEBA 00                     896 	.db 0x00
      00BEBB 00                     897 	.db 0x00
      00BEBC 00                     898 	.db 0x00
      00BEBD 00                     899 	.db 0x00
      00BEBE 00                     900 	.db 0x00
      00BEBF 00                     901 	.db 0x00
      00BEC0 00                     902 	.db 0x00
      00BEC1 00                     903 	.db 0x00
      00BEC2 00                     904 	.db 0x00
      00BEC3 00                     905 	.db 0x00
      00BEC4 00                     906 	.db 0x00
      00BEC5 00                     907 	.db 0x00
      00BEC6 00                     908 	.db 0x00
      00BEC7 00                     909 	.db 0x00
      00BEC8 00                     910 	.db 0x00
      00BEC9 00                     911 	.db 0x00
      00BECA 00                     912 	.db 0x00
      00BECB 00                     913 	.db 0x00
      00BECC 00                     914 	.db 0x00
      00BECD 00                     915 	.db 0x00
      00BECE 00                     916 	.db 0x00
      00BECF 00                     917 	.db 0x00
      00BED0 00                     918 	.db 0x00
      00BED1 00                     919 	.db 0x00
      00BED2 00                     920 	.db 0x00
      00BED3 00                     921 	.db 0x00
      00BED4 00                     922 	.db 0x00
      00BED5 00                     923 	.db 0x00
      00BED6 00                     924 	.db 0x00
      00BED7 00                     925 	.db 0x00
      00BED8 00                     926 	.db 0x00
      00BED9 00                     927 	.db 0x00
      00BEDA 00                     928 	.db 0x00
      00BEDB 00                     929 	.db 0x00
      00BEDC 00                     930 	.db 0x00
      00BEDD 00                     931 	.db 0x00
      00BEDE 00                     932 	.db 0x00
      00BEDF 00                     933 	.db 0x00
      00BEE0 00                     934 	.db 0x00
      00BEE1 00                     935 	.db 0x00
      00BEE2 00                     936 	.db 0x00
      00BEE3 00                     937 	.db 0x00
      00BEE4 00                     938 	.db 0x00
      00BEE5 00                     939 	.db 0x00
      00BEE6 00                     940 	.db 0x00
      00BEE7 00                     941 	.db 0x00
      00BEE8 00                     942 	.db 0x00
      00BEE9 00                     943 	.db 0x00
      00BEEA 00                     944 	.db 0x00
      00BEEB 00                     945 	.db 0x00
      00BEEC 00                     946 	.db 0x00
      00BEED 00                     947 	.db 0x00
      00BEEE 00                     948 	.db 0x00
      00BEEF 00                     949 	.db 0x00
      00BEF0 00                     950 	.db 0x00
      00BEF1 00                     951 	.db 0x00
      00BEF2 00                     952 	.db 0x00
      00BEF3 00                     953 	.db 0x00
      00BEF4 00                     954 	.db 0x00
      00BEF5 00                     955 	.db 0x00
      00BEF6 00                     956 	.db 0x00
      00BEF7 00                     957 	.db 0x00
      00BEF8 00                     958 	.db 0x00
      00BEF9 00                     959 	.db 0x00
      00BEFA 00                     960 	.db 0x00
      00BEFB 00                     961 	.db 0x00
      00BEFC 00                     962 	.db 0x00
      00BEFD 00                     963 	.db 0x00
      00BEFE 00                     964 	.db 0x00
      00BEFF 00                     965 	.db 0x00
      00BF00 00                     966 	.db 0x00
      00BF01 00                     967 	.db 0x00
      00BF02 00                     968 	.db 0x00
      00BF03 00                     969 	.db 0x00
      00BF04 00                     970 	.db 0x00
      00BF05 00                     971 	.db 0x00
      00BF06 00                     972 	.db 0x00
      00BF07 00                     973 	.db 0x00
      00BF08 00                     974 	.db 0x00
      00BF09 00                     975 	.db 0x00
      00BF0A 00                     976 	.db 0x00
      00BF0B 00                     977 	.db 0x00
      00BF0C 00                     978 	.db 0x00
      00BF0D 00                     979 	.db 0x00
      00BF0E 00                     980 	.db 0x00
      00BF0F 00                     981 	.db 0x00
      00BF10 00                     982 	.db 0x00
      00BF11 00                     983 	.db 0x00
      00BF12 00                     984 	.db 0x00
      00BF13 00                     985 	.db 0x00
      00BF14 00                     986 	.db 0x00
      00BF15 00                     987 	.db 0x00
      00BF16 00                     988 	.db 0x00
      00BF17 00                     989 	.db 0x00
      00BF18 00                     990 	.db 0x00
      00BF19 00                     991 	.db 0x00
      00BF1A 00                     992 	.db 0x00
      00BF1B 00                     993 	.db 0x00
      00BF1C 00                     994 	.db 0x00
      00BF1D 00                     995 	.db 0x00
      00BF1E 00                     996 	.db 0x00
      00BF1F 00                     997 	.db 0x00
      00BF20 00                     998 	.db 0x00
      00BF21 00                     999 	.db 0x00
      00BF22 00                    1000 	.db 0x00
      00BF23 00                    1001 	.db 0x00
      00BF24 00                    1002 	.db 0x00
      00BF25 00                    1003 	.db 0x00
      00BF26 00                    1004 	.db 0x00
      00BF27 00                    1005 	.db 0x00
      00BF28 00                    1006 	.db 0x00
      00BF29 00                    1007 	.db 0x00
      00BF2A 00                    1008 	.db 0x00
      00BF2B 00                    1009 	.db 0x00
      00BF2C 00                    1010 	.db 0x00
      00BF2D 00                    1011 	.db 0x00
      00BF2E 00                    1012 	.db 0x00
      00BF2F 00                    1013 	.db 0x00
      00BF30 00                    1014 	.db 0x00
      00BF31 00                    1015 	.db 0x00
      00BF32 00                    1016 	.db 0x00
      00BF33 00                    1017 	.db 0x00
      00BF34 00                    1018 	.db 0x00
      00BF35 00                    1019 	.db 0x00
      00BF36 00                    1020 	.db 0x00
      00BF37 00                    1021 	.db 0x00
      00BF38 00                    1022 	.db 0x00
      00BF39 00                    1023 	.db 0x00
      00BF3A 00                    1024 	.db 0x00
      00BF3B 00                    1025 	.db 0x00
      00BF3C 00                    1026 	.db 0x00
      00BF3D 00                    1027 	.db 0x00
      00BF3E 00                    1028 	.db 0x00
      00BF3F 00                    1029 	.db 0x00
      00BF40 00                    1030 	.db 0x00
      00BF41 00                    1031 	.db 0x00
      00BF42 00                    1032 	.db 0x00
      00BF43 00                    1033 	.db 0x00
      00BF44 00                    1034 	.db 0x00
      00BF45 00                    1035 	.db 0x00
      00BF46 00                    1036 	.db 0x00
      00BF47 00                    1037 	.db 0x00
      00BF48 00                    1038 	.db 0x00
      00BF49 00                    1039 	.db 0x00
      00BF4A 00                    1040 	.db 0x00
      00BF4B 00                    1041 	.db 0x00
      00BF4C 00                    1042 	.db 0x00
      00BF4D 00                    1043 	.db 0x00
      00BF4E 00                    1044 	.db 0x00
      00BF4F 00                    1045 	.db 0x00
      00BF50 00                    1046 	.db 0x00
      00BF51 00                    1047 	.db 0x00
      00BF52 00                    1048 	.db 0x00
      00BF53 00                    1049 	.db 0x00
      00BF54 00                    1050 	.db 0x00
      00BF55 00                    1051 	.db 0x00
      00BF56 00                    1052 	.db 0x00
      00BF57 00                    1053 	.db 0x00
      00BF58 00                    1054 	.db 0x00
      00BF59 00                    1055 	.db 0x00
      00BF5A 00                    1056 	.db 0x00
      00BF5B 00                    1057 	.db 0x00
      00BF5C 00                    1058 	.db 0x00
      00BF5D 00                    1059 	.db 0x00
      00BF5E 00                    1060 	.db 0x00
      00BF5F 00                    1061 	.db 0x00
      00BF60 00                    1062 	.db 0x00
      00BF61 00                    1063 	.db 0x00
      00BF62 00                    1064 	.db 0x00
      00BF63 00                    1065 	.db 0x00
      00BF64 00                    1066 	.db 0x00
      00BF65 00                    1067 	.db 0x00
      00BF66 00                    1068 	.db 0x00
      00BF67 00                    1069 	.db 0x00
      00BF68 00                    1070 	.db 0x00
      00BF69 00                    1071 	.db 0x00
      00BF6A 00                    1072 	.db 0x00
      00BF6B 00                    1073 	.db 0x00
      00BF6C 00                    1074 	.db 0x00
      00BF6D 00                    1075 	.db 0x00
      00BF6E 00                    1076 	.db 0x00
      00BF6F 00                    1077 	.db 0x00
      00BF70 00                    1078 	.db 0x00
      00BF71 00                    1079 	.db 0x00
      00BF72 00                    1080 	.db 0x00
      00BF73 00                    1081 	.db 0x00
      00BF74 00                    1082 	.db 0x00
      00BF75 00                    1083 	.db 0x00
      00BF76 00                    1084 	.db 0x00
      00BF77 00                    1085 	.db 0x00
      00BF78 00                    1086 	.db 0x00
      00BF79 00                    1087 	.db 0x00
      00BF7A 00                    1088 	.db 0x00
      00BF7B 00                    1089 	.db 0x00
      00BF7C 00                    1090 	.db 0x00
      00BF7D 00                    1091 	.db 0x00
      00BF7E 00                    1092 	.db 0x00
      00BF7F 00                    1093 	.db 0x00
      00BF80 00                    1094 	.db 0x00
      00BF81 00                    1095 	.db 0x00
      00BF82 00                    1096 	.db 0x00
      00BF83 00                    1097 	.db 0x00
      00BF84 00                    1098 	.db 0x00
      00BF85 00                    1099 	.db 0x00
      00BF86 00                    1100 	.db 0x00
      00BF87 00                    1101 	.db 0x00
      00BF88 00                    1102 	.db 0x00
      00BF89 00                    1103 	.db 0x00
      00BF8A 00                    1104 	.db 0x00
      00BF8B 00                    1105 	.db 0x00
      00BF8C 00                    1106 	.db 0x00
      00BF8D 00                    1107 	.db 0x00
      00BF8E 00                    1108 	.db 0x00
      00BF8F 00                    1109 	.db 0x00
      00BF90 00                    1110 	.db 0x00
      00BF91 00                    1111 	.db 0x00
      00BF92 00                    1112 	.db 0x00
      00BF93 00                    1113 	.db 0x00
      00BF94 00                    1114 	.db 0x00
      00BF95 00                    1115 	.db 0x00
      00BF96 00                    1116 	.db 0x00
      00BF97 00                    1117 	.db 0x00
      00BF98 00                    1118 	.db 0x00
      00BF99 00                    1119 	.db 0x00
      00BF9A 00                    1120 	.db 0x00
      00BF9B 00                    1121 	.db 0x00
      00BF9C 00                    1122 	.db 0x00
      00BF9D 00                    1123 	.db 0x00
      00BF9E 00                    1124 	.db 0x00
      00BF9F 00                    1125 	.db 0x00
      00BFA0 00                    1126 	.db 0x00
      00BFA1 00                    1127 	.db 0x00
      00BFA2 00                    1128 	.db 0x00
      00BFA3 00                    1129 	.db 0x00
      00BFA4 00                    1130 	.db 0x00
      00BFA5 00                    1131 	.db 0x00
      00BFA6 00                    1132 	.db 0x00
      00BFA7 00                    1133 	.db 0x00
      00BFA8 00                    1134 	.db 0x00
      00BFA9 00                    1135 	.db 0x00
      00BFAA 00                    1136 	.db 0x00
      00BFAB 00                    1137 	.db 0x00
      00BFAC 00                    1138 	.db 0x00
      00BFAD 00                    1139 	.db 0x00
      00BFAE 00                    1140 	.db 0x00
      00BFAF 00                    1141 	.db 0x00
      00BFB0 00                    1142 	.db 0x00
      00BFB1 00                    1143 	.db 0x00
      00BFB2 00                    1144 	.db 0x00
      00BFB3 00                    1145 	.db 0x00
      00BFB4 00                    1146 	.db 0x00
      00BFB5 00                    1147 	.db 0x00
      00BFB6 00                    1148 	.db 0x00
      00BFB7 00                    1149 	.db 0x00
      00BFB8 00                    1150 	.db 0x00
      00BFB9 00                    1151 	.db 0x00
      00BFBA 00                    1152 	.db 0x00
      00BFBB 00                    1153 	.db 0x00
      00BFBC 00                    1154 	.db 0x00
      00BFBD 00                    1155 	.db 0x00
      00BFBE 00                    1156 	.db 0x00
      00BFBF 00                    1157 	.db 0x00
      00BFC0 00                    1158 	.db 0x00
      00BFC1 00                    1159 	.db 0x00
      00BFC2 00                    1160 	.db 0x00
      00BFC3 00                    1161 	.db 0x00
      00BFC4 00                    1162 	.db 0x00
      00BFC5 00                    1163 	.db 0x00
      00BFC6 00                    1164 	.db 0x00
      00BFC7 00                    1165 	.db 0x00
      00BFC8 00                    1166 	.db 0x00
      00BFC9 00                    1167 	.db 0x00
      00BFCA 00                    1168 	.db 0x00
      00BFCB 00                    1169 	.db 0x00
      00BFCC 00                    1170 	.db 0x00
      00BFCD 00                    1171 	.db 0x00
      00BFCE 00                    1172 	.db 0x00
      00BFCF 00                    1173 	.db 0x00
      00BFD0 00                    1174 	.db 0x00
      00BFD1 00                    1175 	.db 0x00
      00BFD2 00                    1176 	.db 0x00
      00BFD3 00                    1177 	.db 0x00
      00BFD4 00                    1178 	.db 0x00
      00BFD5 00                    1179 	.db 0x00
      00BFD6 00                    1180 	.db 0x00
      00BFD7 00                    1181 	.db 0x00
      00BFD8 00                    1182 	.db 0x00
      00BFD9 00                    1183 	.db 0x00
      00BFDA 00                    1184 	.db 0x00
      00BFDB 00                    1185 	.db 0x00
      00BFDC 00                    1186 	.db 0x00
      00BFDD 00                    1187 	.db 0x00
      00BFDE 00                    1188 	.db 0x00
      00BFDF 00                    1189 	.db 0x00
      00BFE0 00                    1190 	.db 0x00
      00BFE1 00                    1191 	.db 0x00
      00BFE2 00                    1192 	.db 0x00
      00BFE3 00                    1193 	.db 0x00
      00BFE4 00                    1194 	.db 0x00
      00BFE5 00                    1195 	.db 0x00
      00BFE6 00                    1196 	.db 0x00
      00BFE7 00                    1197 	.db 0x00
      00BFE8 00                    1198 	.db 0x00
      00BFE9 00                    1199 	.db 0x00
      00BFEA 00                    1200 	.db 0x00
      00BFEB 00                    1201 	.db 0x00
      00BFEC 00                    1202 	.db 0x00
      00BFED 00                    1203 	.db 0x00
      00BFEE 00                    1204 	.db 0x00
      00BFEF 00                    1205 	.db 0x00
      00BFF0 00                    1206 	.db 0x00
      00BFF1 00                    1207 	.db 0x00
      00BFF2 00                    1208 	.db 0x00
      00BFF3 00                    1209 	.db 0x00
      00BFF4 00                    1210 	.db 0x00
      00BFF5 00                    1211 	.db 0x00
      00BFF6 00                    1212 	.db 0x00
      00BFF7 00                    1213 	.db 0x00
      00BFF8 00                    1214 	.db 0x00
      00BFF9 00                    1215 	.db 0x00
      00BFFA 00                    1216 	.db 0x00
      00BFFB 00                    1217 	.db 0x00
      00BFFC 00                    1218 	.db 0x00
      00BFFD 00                    1219 	.db 0x00
      00BFFE 00                    1220 	.db 0x00
      00BFFF 00                    1221 	.db 0x00
